// Jest Snapshot v1, https://goo.gl/fbAQLP

exports[`EditArticlePage component renders page without crashing 1`] = `
<ContextProvider
  value={
    Object {
      "active": false,
      "addComment": [Function],
      "article": Object {},
      "articlesList": Array [],
      "author": Object {},
      "authorsList": Array [],
      "clearArticle": [Function],
      "clearAuthor": [Function],
      "clearError": [Function],
      "clearUser": [Function],
      "clearUsersArticles": [Function],
      "comments": Array [],
      "error": null,
      "search": "",
      "setArticle": [Function],
      "setArticlesList": [Function],
      "setAuthor": [Function],
      "setAuthorsList": [Function],
      "setComments": [Function],
      "setError": [Function],
      "setUser": [Function],
      "setUsersArticles": [Function],
      "toggleActive": [Function],
      "updateSearch": [Function],
      "user": Object {},
      "usersArticles": Array [],
    }
  }
>
  <EditArticlePage
    history={
      Object {
        "push": [Function],
      }
    }
    location={Object {}}
    match={
      Object {
        "params": Object {},
      }
    }
  />
</ContextProvider>
`;
